// Jest Snapshot v1, https://goo.gl/fbAQLP

exports[`DocumentFuction 【beauty】模版快照 1`] = `""`;

exports[`DocumentFuction 快照 1`] = `""`;

exports[`DocumentFuction 文档模型解析[toTypeString]: 1`] = `""`;
